// Jest Snapshot v1, https://goo.gl/fbAQLP

exports[`Pokemon Page component Hacer match con Snapshot 1`] = `
<div class="text-center">
  <div class="spinner-border text-warning" role="status"><span class="sr-only">Loading...</span></div>
</div>
`;

exports[`Pokemon Page component Hacer match con el snapshot cuando se cargan los pokemons 1`] = `
<div>
  <h1 class="text-center mb-3 text-white">¿Quién es este pokémon?</h1>
  <pokemon-picture-stub pokemonid="1" showpokemon="false"></pokemon-picture-stub>
  <pokemon-options-stub pokemons="[object Object],[object Object],[object Object],[object Object]"></pokemon-options-stub>
  <!--v-if-->
</div>
`;
